---
source: ovim/tests/pending_input_characterization_test.rs
expression: snapshot(prefix_cases())
---
gg            | g[cmd=g] g[-] => Normal (0,0)
ge            | g[cmd=g] e[-] => Normal (1,6)
gE            | g[cmd=g] E[-] => Normal (1,6)
g_            | g[cmd=g] _[-] => Normal (1,17)
gJ            | g[cmd=g] J[-] => Normal (1,18) text="foo bar(baz, qux) \"str\" end\n  alpha beta gammaxdelta\n\nlast line here\n"
gu            | g[cmd=g] u[op=Lowercase] => Normal (1,8)
gU            | g[cmd=g] U[op=Uppercase] => Normal (1,8)
g~            | g[cmd=g] ~[op=ToggleCase] => Normal (1,8)
gi            | g[cmd=g] i[-] => Insert (1,8)
gI            | g[cmd=g] I[-] => Insert (1,0)
gv            | g[cmd=g] v[-] => Normal (1,8)
g'            | g[cmd=g] '[char=JumpMarkLine/None] => Normal (1,8)
gr            | g[cmd=g] r[cmd=R] => Normal (1,8)
gz            | g[cmd=g] z[-] => Normal (1,8)
gt            | g[cmd=g] t[-] => Normal (1,8)
gf            | g[cmd=g] f[-] => Normal (1,8)
ga            | g[cmd=g] a[-] => Normal (1,8)
gb            | g[cmd=g] b[-] => Normal (1,8)
gQ            | g[cmd=g] Q[-] => Normal (1,8)
g[            | g[cmd=g] [[-] => Normal (1,8)
g]            | g[cmd=g] ][-] => Normal (1,8)
gm            | g[cmd=g] m[-] => Normal (1,8)
g{            | g[cmd=g] {[-] => Normal (1,8)
g(            | g[cmd=g] ([-] => Normal (1,8)
gc            | g[cmd=g] c[-] => Normal (1,8)
g"            | g[cmd=g] "[-] => Normal (1,8)
gq            | g[cmd=g] q[-] => Normal (1,8)
g@            | g[cmd=g] @[-] => Normal (1,8)
g<Esc>        | g[cmd=g] <Esc>[-] => Normal (1,8)
gx            | g[cmd=g] x[-] => Normal (1,8)
gd            | g[cmd=g] d[-] => Normal (1,8)
gy            | g[cmd=g] y[-] => Normal (1,8)
gp            | g[cmd=g] p[-] => Normal (1,8)
g0            | g[cmd=g] 0[-] => Normal (1,0)
g$            | g[cmd=g] $[-] => Normal (1,17)
g<Enter>      | g[cmd=g] <Enter>[-] => Normal (1,8)
g:            | g[cmd=g] :[-] => Normal (1,8)
zg            | z[cmd=z] g[-] => Normal (1,8)
ze            | z[cmd=z] e[-] => Normal (1,8)
zE            | z[cmd=z] E[-] => Normal (1,8)
z_            | z[cmd=z] _[-] => Normal (1,8)
zJ            | z[cmd=z] J[-] => Normal (1,8)
zu            | z[cmd=z] u[-] => Normal (1,8)
zU            | z[cmd=z] U[-] => Normal (1,8)
z~            | z[cmd=z] ~[-] => Normal (1,8)
zi            | z[cmd=z] i[-] => Normal (1,8)
zI            | z[cmd=z] I[-] => Normal (1,8)
zv            | z[cmd=z] v[-] => Normal (1,8)
z'            | z[cmd=z] '[-] => Normal (1,8)
zr            | z[cmd=z] r[-] => Normal (1,8)
zz            | z[cmd=z] z[-] => Normal (1,8)
zt            | z[cmd=z] t[-] => Normal (1,8)
zf            | z[cmd=z] f[op=Fold] => Normal (1,8)
za            | z[cmd=z] a[-] => Normal (0,8)
zb            | z[cmd=z] b[-] => Normal (1,8)
zQ            | z[cmd=z] Q[-] => Normal (1,8)
z[            | z[cmd=z] [[-] => Normal (1,8)
z]            | z[cmd=z] ][-] => Normal (1,8)
zm            | z[cmd=z] m[-] => Normal (0,8)
z{            | z[cmd=z] {[-] => Normal (1,8)
z(            | z[cmd=z] ([-] => Normal (1,8)
zc            | z[cmd=z] c[-] => Normal (0,8)
z"            | z[cmd=z] "[-] => Normal (1,8)
zq            | z[cmd=z] q[-] => Normal (1,8)
z@            | z[cmd=z] @[-] => Normal (1,8)
z<Esc>        | z[cmd=z] <Esc>[-] => Normal (1,8)
zx            | z[cmd=z] x[-] => Normal (1,8)
zd            | z[cmd=z] d[-] => Normal (1,8)
zy            | z[cmd=z] y[-] => Normal (1,8)
zp            | z[cmd=z] p[-] => Normal (1,8)
z0            | z[cmd=z] 0[-] => Normal (1,8)
z$            | z[cmd=z] $[-] => Normal (1,8)
z<Enter>      | z[cmd=z] <Enter>[-] => Normal (1,2)
z:            | z[cmd=z] :[-] => Normal (1,8)
Zg            | Z[cmd=Z] g[-] => Normal (1,8)
Ze            | Z[cmd=Z] e[-] => Normal (1,8)
ZE            | Z[cmd=Z] E[-] => Normal (1,8)
Z_            | Z[cmd=Z] _[-] => Normal (1,8)
ZJ            | Z[cmd=Z] J[-] => Normal (1,8)
Zu            | Z[cmd=Z] u[-] => Normal (1,8)
ZU            | Z[cmd=Z] U[-] => Normal (1,8)
Z~            | Z[cmd=Z] ~[-] => Normal (1,8)
Zi            | Z[cmd=Z] i[-] => Normal (1,8)
ZI            | Z[cmd=Z] I[-] => Normal (1,8)
Zv            | Z[cmd=Z] v[-] => Normal (1,8)
Z'            | Z[cmd=Z] '[-] => Normal (1,8)
Zr            | Z[cmd=Z] r[-] => Normal (1,8)
Zz            | Z[cmd=Z] z[-] => Normal (1,8)
Zt            | Z[cmd=Z] t[-] => Normal (1,8)
Zf            | Z[cmd=Z] f[-] => Normal (1,8)
Za            | Z[cmd=Z] a[-] => Normal (1,8)
Zb            | Z[cmd=Z] b[-] => Normal (1,8)
ZQ            | Z[cmd=Z] Q[-] => Normal (1,8)
Z[            | Z[cmd=Z] [[-] => Normal (1,8)
Z]            | Z[cmd=Z] ][-] => Normal (1,8)
Zm            | Z[cmd=Z] m[-] => Normal (1,8)
Z{            | Z[cmd=Z] {[-] => Normal (1,8)
Z(            | Z[cmd=Z] ([-] => Normal (1,8)
Zc            | Z[cmd=Z] c[-] => Normal (1,8)
Z"            | Z[cmd=Z] "[-] => Normal (1,8)
Zq            | Z[cmd=Z] q[-] => Normal (1,8)
Z@            | Z[cmd=Z] @[-] => Normal (1,8)
Z<Esc>        | Z[cmd=Z] <Esc>[-] => Normal (1,8)
Zx            | Z[cmd=Z] x[-] => Normal (1,8)
Zd            | Z[cmd=Z] d[-] => Normal (1,8)
Zy            | Z[cmd=Z] y[-] => Normal (1,8)
Zp            | Z[cmd=Z] p[-] => Normal (1,8)
Z0            | Z[cmd=Z] 0[-] => Normal (1,8)
Z$            | Z[cmd=Z] $[-] => Normal (1,8)
Z<Enter>      | Z[cmd=Z] <Enter>[-] => Normal (1,8)
Z:            | Z[cmd=Z] :[-] => Normal (1,8)
[g            | [[cmd=[] g[-] => Normal (1,8)
[e            | [[cmd=[] e[-] => Normal (1,8)
[E            | [[cmd=[] E[-] => Normal (1,8)
[_            | [[cmd=[] _[-] => Normal (1,8)
[J            | [[cmd=[] J[-] => Normal (1,8)
[u            | [[cmd=[] u[-] => Normal (1,8)
[U            | [[cmd=[] U[-] => Normal (1,8)
[~            | [[cmd=[] ~[-] => Normal (1,8)
[i            | [[cmd=[] i[-] => Normal (1,8)
[I            | [[cmd=[] I[-] => Normal (1,8)
[v            | [[cmd=[] v[-] => Normal (1,8)
['            | [[cmd=[] '[-] => Normal (1,8)
[r            | [[cmd=[] r[-] => Normal (1,8)
[z            | [[cmd=[] z[-] => Normal (0,0)
[t            | [[cmd=[] t[-] => Normal (1,8)
[f            | [[cmd=[] f[-] => Normal (1,8)
[a            | [[cmd=[] a[-] => Normal (1,8)
[b            | [[cmd=[] b[-] => Normal (1,8)
[Q            | [[cmd=[] Q[-] => Normal (1,8)
[[            | [[cmd=[] [[-] => Normal (0,0)
[]            | [[cmd=[] ][-] => Normal (0,0)
[m            | [[cmd=[] m[-] => Normal (0,0)
[{            | [[cmd=[] {[-] => Normal (1,8)
[(            | [[cmd=[] ([-] => Normal (1,8)
[c            | [[cmd=[] c[-] => Normal (1,8)
["            | [[cmd=[] "[-] => Normal (1,8)
[q            | [[cmd=[] q[-] => Normal (1,8)
[@            | [[cmd=[] @[-] => Normal (1,8)
[<Esc>        | [[cmd=[] <Esc>[-] => Normal (1,8)
[x            | [[cmd=[] x[-] => Normal (1,8)
[d            | [[cmd=[] d[-] => Normal (1,8)
[y            | [[cmd=[] y[-] => Normal (1,8)
[p            | [[cmd=[] p[-] => Normal (1,8)
[0            | [[cmd=[] 0[-] => Normal (1,8)
[$            | [[cmd=[] $[-] => Normal (1,8)
[<Enter>      | [[cmd=[] <Enter>[-] => Normal (1,8)
[:            | [[cmd=[] :[-] => Normal (1,8)
]g            | ][cmd=]] g[-] => Normal (1,8)
]e            | ][cmd=]] e[-] => Normal (1,8)
]E            | ][cmd=]] E[-] => Normal (1,8)
]_            | ][cmd=]] _[-] => Normal (1,8)
]J            | ][cmd=]] J[-] => Normal (1,8)
]u            | ][cmd=]] u[-] => Normal (1,8)
]U            | ][cmd=]] U[-] => Normal (1,8)
]~            | ][cmd=]] ~[-] => Normal (1,8)
]i            | ][cmd=]] i[-] => Normal (1,8)
]I            | ][cmd=]] I[-] => Normal (1,8)
]v            | ][cmd=]] v[-] => Normal (1,8)
]'            | ][cmd=]] '[-] => Normal (1,8)
]r            | ][cmd=]] r[-] => Normal (1,8)
]z            | ][cmd=]] z[-] => Normal (1,8)
]t            | ][cmd=]] t[-] => Normal (1,8)
]f            | ][cmd=]] f[-] => Normal (1,8)
]a            | ][cmd=]] a[-] => Normal (1,8)
]b            | ][cmd=]] b[-] => Normal (1,8)
]Q            | ][cmd=]] Q[-] => Normal (1,8)
][            | ][cmd=]] [[-] => Normal (4,0)
]]            | ][cmd=]] ][-] => Normal (4,0)
]m            | ][cmd=]] m[-] => Normal (4,0)
]{            | ][cmd=]] {[-] => Normal (1,8)
](            | ][cmd=]] ([-] => Normal (1,8)
]c            | ][cmd=]] c[-] => Normal (1,8)
]"            | ][cmd=]] "[-] => Normal (1,8)
]q            | ][cmd=]] q[-] => Normal (1,8)
]@            | ][cmd=]] @[-] => Normal (1,8)
]<Esc>        | ][cmd=]] <Esc>[-] => Normal (1,8)
]x            | ][cmd=]] x[-] => Normal (1,8)
]d            | ][cmd=]] d[-] => Normal (1,8)
]y            | ][cmd=]] y[-] => Normal (1,8)
]p            | ][cmd=]] p[-] => Normal (1,8)
]0            | ][cmd=]] 0[-] => Normal (1,8)
]$            | ][cmd=]] $[-] => Normal (1,8)
]<Enter>      | ][cmd=]] <Enter>[-] => Normal (1,8)
]:            | ][cmd=]] :[-] => Normal (1,8)
"g            | "[cmd="] g[reg=g] => Normal (1,8)
"e            | "[cmd="] e[reg=e] => Normal (1,8)
"E            | "[cmd="] E[reg=E] => Normal (1,8)
"_            | "[cmd="] _[reg=_] => Normal (1,8)
"J            | "[cmd="] J[reg=J] => Normal (1,8)
"u            | "[cmd="] u[reg=u] => Normal (1,8)
"U            | "[cmd="] U[reg=U] => Normal (1,8)
"~            | "[cmd="] ~[-] => Normal (1,8)
"i            | "[cmd="] i[reg=i] => Normal (1,8)
"I            | "[cmd="] I[reg=I] => Normal (1,8)
"v            | "[cmd="] v[reg=v] => Normal (1,8)
"'            | "[cmd="] '[-] => Normal (1,8)
"r            | "[cmd="] r[reg=r] => Normal (1,8)
"z            | "[cmd="] z[reg=z] => Normal (1,8)
"t            | "[cmd="] t[reg=t] => Normal (1,8)
"f            | "[cmd="] f[reg=f] => Normal (1,8)
"a            | "[cmd="] a[reg=a] => Normal (1,8)
"b            | "[cmd="] b[reg=b] => Normal (1,8)
"Q            | "[cmd="] Q[reg=Q] => Normal (1,8)
"[            | "[cmd="] [[-] => Normal (1,8)
"]            | "[cmd="] ][-] => Normal (1,8)
"m            | "[cmd="] m[reg=m] => Normal (1,8)
"{            | "[cmd="] {[-] => Normal (1,8)
"(            | "[cmd="] ([-] => Normal (1,8)
"c            | "[cmd="] c[reg=c] => Normal (1,8)
""            | "[cmd="] "[reg="] => Normal (1,8)
"q            | "[cmd="] q[reg=q] => Normal (1,8)
"@            | "[cmd="] @[-] => Normal (1,8)
"<Esc>        | "[cmd="] <Esc>[-] => Normal (1,8)
"x            | "[cmd="] x[reg=x] => Normal (1,8)
"d            | "[cmd="] d[reg=d] => Normal (1,8)
"y            | "[cmd="] y[reg=y] => Normal (1,8)
"p            | "[cmd="] p[reg=p] => Normal (1,8)
"0            | "[cmd="] 0[reg=0] => Normal (1,8)
"$            | "[cmd="] $[-] => Normal (1,8)
"<Enter>      | "[cmd="] <Enter>[-] => Normal (1,8)
":            | "[cmd="] :[reg=:] => Normal (1,8)
qg            | q[cmd=q] g[-] => Normal (1,8) recording
qe            | q[cmd=q] e[-] => Normal (1,8) recording
qE            | q[cmd=q] E[-] => Normal (1,8)
q_            | q[cmd=q] _[-] => Normal (1,8)
qJ            | q[cmd=q] J[-] => Normal (1,8)
qu            | q[cmd=q] u[-] => Normal (1,8) recording
qU            | q[cmd=q] U[-] => Normal (1,8)
q~            | q[cmd=q] ~[-] => Normal (1,8)
qi            | q[cmd=q] i[-] => Normal (1,8) recording
qI            | q[cmd=q] I[-] => Normal (1,8)
qv            | q[cmd=q] v[-] => Normal (1,8) recording
q'            | q[cmd=q] '[-] => Normal (1,8)
qr            | q[cmd=q] r[-] => Normal (1,8) recording
qz            | q[cmd=q] z[-] => Normal (1,8) recording
qt            | q[cmd=q] t[-] => Normal (1,8) recording
qf            | q[cmd=q] f[-] => Normal (1,8) recording
qa            | q[cmd=q] a[-] => Normal (1,8) recording
qb            | q[cmd=q] b[-] => Normal (1,8) recording
qQ            | q[cmd=q] Q[-] => Normal (1,8)
q[            | q[cmd=q] [[-] => Normal (1,8)
q]            | q[cmd=q] ][-] => Normal (1,8)
qm            | q[cmd=q] m[-] => Normal (1,8) recording
q{            | q[cmd=q] {[-] => Normal (1,8)
q(            | q[cmd=q] ([-] => Normal (1,8)
qc            | q[cmd=q] c[-] => Normal (1,8) recording
q"            | q[cmd=q] "[-] => Normal (1,8)
qq            | q[cmd=q] q[-] => Normal (1,8) recording
q@            | q[cmd=q] @[-] => Normal (1,8)
q<Esc>        | q[cmd=q] <Esc>[-] => Normal (1,8)
qx            | q[cmd=q] x[-] => Normal (1,8) recording
qd            | q[cmd=q] d[-] => Normal (1,8) recording
qy            | q[cmd=q] y[-] => Normal (1,8) recording
qp            | q[cmd=q] p[-] => Normal (1,8) recording
q0            | q[cmd=q] 0[-] => Normal (1,8)
q$            | q[cmd=q] $[-] => Normal (1,8)
q<Enter>      | q[cmd=q] <Enter>[-] => Normal (1,8)
q:            | q[cmd=q] :[-] => Normal (1,8)
@g            | @[cmd=@] g[-] => Normal (1,8)
@e            | @[cmd=@] e[-] => Normal (1,8)
@E            | @[cmd=@] E[-] => Normal (1,8)
@_            | @[cmd=@] _[-] => Normal (1,8)
@J            | @[cmd=@] J[-] => Normal (1,8)
@u            | @[cmd=@] u[-] => Normal (1,8)
@U            | @[cmd=@] U[-] => Normal (1,8)
@~            | @[cmd=@] ~[-] => Normal (1,8)
@i            | @[cmd=@] i[-] => Normal (1,8)
@I            | @[cmd=@] I[-] => Normal (1,8)
@v            | @[cmd=@] v[-] => Normal (1,8)
@'            | @[cmd=@] '[-] => Normal (1,8)
@r            | @[cmd=@] r[-] => Normal (1,8)
@z            | @[cmd=@] z[-] => Normal (1,8)
@t            | @[cmd=@] t[-] => Normal (1,8)
@f            | @[cmd=@] f[-] => Normal (1,8)
@a            | @[cmd=@] a[-] => Normal (1,8)
@b            | @[cmd=@] b[-] => Normal (1,8)
@Q            | @[cmd=@] Q[-] => Normal (1,8)
@[            | @[cmd=@] [[-] => Normal (1,8)
@]            | @[cmd=@] ][-] => Normal (1,8)
@m            | @[cmd=@] m[-] => Normal (1,8)
@{            | @[cmd=@] {[-] => Normal (1,8)
@(            | @[cmd=@] ([-] => Normal (1,8)
@c            | @[cmd=@] c[-] => Normal (1,8)
@"            | @[cmd=@] "[-] => Normal (1,8)
@q            | @[cmd=@] q[-] => Normal (1,8)
@@            | @[cmd=@] @[-] => Normal (1,8)
@<Esc>        | @[cmd=@] <Esc>[-] => Normal (1,8)
@x            | @[cmd=@] x[-] => Normal (1,8)
@d            | @[cmd=@] d[-] => Normal (1,8)
@y            | @[cmd=@] y[-] => Normal (1,8)
@p            | @[cmd=@] p[-] => Normal (1,8)
@0            | @[cmd=@] 0[-] => Normal (1,8)
@$            | @[cmd=@] $[-] => Normal (1,8)
@<Enter>      | @[cmd=@] <Enter>[-] => Normal (1,8)
@:            | @[cmd=@] :[-] => Normal (1,8)
<C-w>g        | <C-w>[cmd=W] g[-] => Normal (1,8)
<C-w>e        | <C-w>[cmd=W] e[-] => Normal (1,8)
<C-w>E        | <C-w>[cmd=W] E[-] => Normal (1,8)
<C-w>_        | <C-w>[cmd=W] _[-] => Normal (1,8)
<C-w>J        | <C-w>[cmd=W] J[-] => Normal (1,8)
<C-w>u        | <C-w>[cmd=W] u[-] => Normal (1,8)
<C-w>U        | <C-w>[cmd=W] U[-] => Normal (1,8)
<C-w>~        | <C-w>[cmd=W] ~[-] => Normal (1,8)
<C-w>i        | <C-w>[cmd=W] i[-] => Normal (1,8)
<C-w>I        | <C-w>[cmd=W] I[-] => Normal (1,8)
<C-w>v        | <C-w>[cmd=W] v[-] => Normal (1,8)
<C-w>'        | <C-w>[cmd=W] '[-] => Normal (1,8)
<C-w>r        | <C-w>[cmd=W] r[-] => Normal (1,8)
<C-w>z        | <C-w>[cmd=W] z[-] => Normal (1,8)
<C-w>t        | <C-w>[cmd=W] t[-] => Normal (1,8)
<C-w>f        | <C-w>[cmd=W] f[-] => Normal (1,8)
<C-w>a        | <C-w>[cmd=W] a[-] => Normal (1,8)
<C-w>b        | <C-w>[cmd=W] b[-] => Normal (1,8)
<C-w>Q        | <C-w>[cmd=W] Q[-] => Normal (1,8)
<C-w>[        | <C-w>[cmd=W] [[-] => Normal (1,8)
<C-w>]        | <C-w>[cmd=W] ][-] => Normal (1,8)
<C-w>m        | <C-w>[cmd=W] m[-] => Normal (1,8)
<C-w>{        | <C-w>[cmd=W] {[-] => Normal (1,8)
<C-w>(        | <C-w>[cmd=W] ([-] => Normal (1,8)
<C-w>c        | <C-w>[cmd=W] c[-] => Normal (1,8)
<C-w>"        | <C-w>[cmd=W] "[-] => Normal (1,8)
<C-w>q        | <C-w>[cmd=W] q[-] => Normal (1,8)
<C-w>@        | <C-w>[cmd=W] @[-] => Normal (1,8)
<C-w><Esc>    | <C-w>[cmd=W] <Esc>[-] => Normal (1,8)
<C-w>x        | <C-w>[cmd=W] x[-] => Normal (1,8)
<C-w>d        | <C-w>[cmd=W] d[-] => Normal (1,8)
<C-w>y        | <C-w>[cmd=W] y[-] => Normal (1,8)
<C-w>p        | <C-w>[cmd=W] p[-] => Normal (1,8)
<C-w>0        | <C-w>[cmd=W] 0[-] => Normal (1,8)
<C-w>$        | <C-w>[cmd=W] $[-] => Normal (1,8)
<C-w><Enter>  | <C-w>[cmd=W] <Enter>[-] => Normal (1,8)
<C-w>:        | <C-w>[cmd=W] :[-] => Normal (1,8)
2gg           | 2[n=2] g[n=2,cmd=g] g[-] => Normal (1,2)
2ge           | 2[n=2] g[n=2,cmd=g] e[-] => Normal (0,26)
2gE           | 2[n=2] g[n=2,cmd=g] E[-] => Normal (0,26)
2g_           | 2[n=2] g[n=2,cmd=g] _[-] => Normal (1,17)
2gJ           | 2[n=2] g[n=2,cmd=g] J[-] => Normal (1,18) text="foo bar(baz, qux) \"str\" end\n  alpha beta gammaxdelta\n\nlast line here\n"
2gu           | 2[n=2] g[n=2,cmd=g] u[n=2,op=Lowercase] => Normal (1,8)
2gU           | 2[n=2] g[n=2,cmd=g] U[n=2,op=Uppercase] => Normal (1,8)
2g~           | 2[n=2] g[n=2,cmd=g] ~[n=2,op=ToggleCase] => Normal (1,8)
2gi           | 2[n=2] g[n=2,cmd=g] i[-] => Insert (1,8)
2gI           | 2[n=2] g[n=2,cmd=g] I[-] => Insert (1,0)
2gv           | 2[n=2] g[n=2,cmd=g] v[n=2] => Normal (1,8)
2g'           | 2[n=2] g[n=2,cmd=g] '[n=2,char=JumpMarkLine/None] => Normal (1,8)
2gr           | 2[n=2] g[n=2,cmd=g] r[n=2,cmd=R] => Normal (1,8)
2gz           | 2[n=2] g[n=2,cmd=g] z[-] => Normal (1,8)
2gt           | 2[n=2] g[n=2,cmd=g] t[-] => Normal (1,8)
2gf           | 2[n=2] g[n=2,cmd=g] f[-] => Normal (1,8)
2ga           | 2[n=2] g[n=2,cmd=g] a[-] => Normal (1,8)
2gb           | 2[n=2] g[n=2,cmd=g] b[-] => Normal (1,8)
2gQ           | 2[n=2] g[n=2,cmd=g] Q[-] => Normal (1,8)
2g[           | 2[n=2] g[n=2,cmd=g] [[-] => Normal (1,8)
2g]           | 2[n=2] g[n=2,cmd=g] ][-] => Normal (1,8)
2gm           | 2[n=2] g[n=2,cmd=g] m[-] => Normal (1,8)
2g{           | 2[n=2] g[n=2,cmd=g] {[-] => Normal (1,8)
2g(           | 2[n=2] g[n=2,cmd=g] ([-] => Normal (1,8)
2gc           | 2[n=2] g[n=2,cmd=g] c[-] => Normal (1,8)
2g"           | 2[n=2] g[n=2,cmd=g] "[-] => Normal (1,8)
2gq           | 2[n=2] g[n=2,cmd=g] q[-] => Normal (1,8)
2g@           | 2[n=2] g[n=2,cmd=g] @[-] => Normal (1,8)
2g<Esc>       | 2[n=2] g[n=2,cmd=g] <Esc>[-] => Normal (1,8)
2gx           | 2[n=2] g[n=2,cmd=g] x[-] => Normal (1,8)
2gd           | 2[n=2] g[n=2,cmd=g] d[-] => Normal (1,8)
2gy           | 2[n=2] g[n=2,cmd=g] y[-] => Normal (1,8)
2gp           | 2[n=2] g[n=2,cmd=g] p[-] => Normal (1,8)
2g0           | 2[n=2] g[n=2,cmd=g] 0[-] => Normal (1,0)
2g$           | 2[n=2] g[n=2,cmd=g] $[-] => Normal (1,17)
2g<Enter>     | 2[n=2] g[n=2,cmd=g] <Enter>[-] => Normal (1,8)
2g:           | 2[n=2] g[n=2,cmd=g] :[-] => Normal (1,8)
"agg          | "[cmd="] a[reg=a] g[cmd=g,reg=a] g[reg=a] => Normal (0,0)
"age          | "[cmd="] a[reg=a] g[cmd=g,reg=a] e[reg=a] => Normal (1,6)
"agE          | "[cmd="] a[reg=a] g[cmd=g,reg=a] E[reg=a] => Normal (1,6)
"ag_          | "[cmd="] a[reg=a] g[cmd=g,reg=a] _[reg=a] => Normal (1,17)
"agJ          | "[cmd="] a[reg=a] g[cmd=g,reg=a] J[reg=a] => Normal (1,18) text="foo bar(baz, qux) \"str\" end\n  alpha beta gammaxdelta\n\nlast line here\n"
"agu          | "[cmd="] a[reg=a] g[cmd=g,reg=a] u[op=Lowercase,reg=a] => Normal (1,8)
"agU          | "[cmd="] a[reg=a] g[cmd=g,reg=a] U[op=Uppercase,reg=a] => Normal (1,8)
"ag~          | "[cmd="] a[reg=a] g[cmd=g,reg=a] ~[op=ToggleCase,reg=a] => Normal (1,8)
"agi          | "[cmd="] a[reg=a] g[cmd=g,reg=a] i[-] => Insert (1,8)
"agI          | "[cmd="] a[reg=a] g[cmd=g,reg=a] I[-] => Insert (1,0)
"agv          | "[cmd="] a[reg=a] g[cmd=g,reg=a] v[reg=a] => Normal (1,8)
"ag'          | "[cmd="] a[reg=a] g[cmd=g,reg=a] '[reg=a,char=JumpMarkLine/None] => Normal (1,8)
"agr          | "[cmd="] a[reg=a] g[cmd=g,reg=a] r[cmd=R,reg=a] => Normal (1,8)
"agz          | "[cmd="] a[reg=a] g[cmd=g,reg=a] z[reg=a] => Normal (1,8)
"agt          | "[cmd="] a[reg=a] g[cmd=g,reg=a] t[reg=a] => Normal (1,8)
"agf          | "[cmd="] a[reg=a] g[cmd=g,reg=a] f[reg=a] => Normal (1,8)
"aga          | "[cmd="] a[reg=a] g[cmd=g,reg=a] a[reg=a] => Normal (1,8)
"agb          | "[cmd="] a[reg=a] g[cmd=g,reg=a] b[reg=a] => Normal (1,8)
"agQ          | "[cmd="] a[reg=a] g[cmd=g,reg=a] Q[reg=a] => Normal (1,8)
"ag[          | "[cmd="] a[reg=a] g[cmd=g,reg=a] [[reg=a] => Normal (1,8)
"ag]          | "[cmd="] a[reg=a] g[cmd=g,reg=a] ][reg=a] => Normal (1,8)
"agm          | "[cmd="] a[reg=a] g[cmd=g,reg=a] m[reg=a] => Normal (1,8)
"ag{          | "[cmd="] a[reg=a] g[cmd=g,reg=a] {[reg=a] => Normal (1,8)
"ag(          | "[cmd="] a[reg=a] g[cmd=g,reg=a] ([reg=a] => Normal (1,8)
"agc          | "[cmd="] a[reg=a] g[cmd=g,reg=a] c[reg=a] => Normal (1,8)
"ag"          | "[cmd="] a[reg=a] g[cmd=g,reg=a] "[reg=a] => Normal (1,8)
"agq          | "[cmd="] a[reg=a] g[cmd=g,reg=a] q[reg=a] => Normal (1,8)
"ag@          | "[cmd="] a[reg=a] g[cmd=g,reg=a] @[reg=a] => Normal (1,8)
"ag<Esc>      | "[cmd="] a[reg=a] g[cmd=g,reg=a] <Esc>[reg=a] => Normal (1,8)
"agx          | "[cmd="] a[reg=a] g[cmd=g,reg=a] x[reg=a] => Normal (1,8)
"agd          | "[cmd="] a[reg=a] g[cmd=g,reg=a] d[reg=a] => Normal (1,8)
"agy          | "[cmd="] a[reg=a] g[cmd=g,reg=a] y[reg=a] => Normal (1,8)
"agp          | "[cmd="] a[reg=a] g[cmd=g,reg=a] p[reg=a] => Normal (1,8)
"ag0          | "[cmd="] a[reg=a] g[cmd=g,reg=a] 0[reg=a] => Normal (1,0)
"ag$          | "[cmd="] a[reg=a] g[cmd=g,reg=a] $[reg=a] => Normal (1,17)
"ag<Enter>    | "[cmd="] a[reg=a] g[cmd=g,reg=a] <Enter>[reg=a] => Normal (1,8)
"ag:          | "[cmd="] a[reg=a] g[cmd=g,reg=a] :[reg=a] => Normal (1,8)
grn<Esc>      | g[cmd=g] r[cmd=R] n[-] <Esc>[-] => Normal (1,8)
grx           | g[cmd=g] r[cmd=R] x[-] => Normal (1,8)
gr<Esc>       | g[cmd=g] r[cmd=R] <Esc>[-] => Normal (1,8)
gu<Esc>w      | g[cmd=g] u[op=Lowercase] <Esc>[-] w[-] => Normal (1,13)
guw.          | g[cmd=g] u[op=Lowercase] w[-] .[-] => Normal (1,8)
gUiw          | g[cmd=g] U[op=Uppercase] i[op=Uppercase,cmd=i] w[-] => Normal (1,12) text="foo bar(baz, qux) \"str\" end\n  alpha BETA gamma\nxdelta\n\nlast line here\n"
zfj           | z[cmd=z] f[op=Fold] j[-] => Normal (1,8)
zfjzo         | z[cmd=z] f[op=Fold] j[-] z[cmd=z] o[-] => Normal (1,8)
qaxq          | q[cmd=q] a[-] x[-] q[-] => Normal (1,8) text="foo bar(baz, qux) \"str\" end\n  alpha eta gamma\nxdelta\n\nlast line here\n" @"="b"
qaxq@a        | q[cmd=q] a[-] x[-] q[-] @[cmd=@] a[-] => Normal (1,8) text="foo bar(baz, qux) \"str\" end\n  alpha ta gamma\nxdelta\n\nlast line here\n" @"="e"
"ayy"ap       | "[cmd="] a[reg=a] y[op=Yank,reg=a] y[-] "[cmd="] a[reg=a] p[-] => Normal (2,2) text="foo bar(baz, qux) \"str\" end\n  alpha beta gamma\n  alpha beta gamma\nxdelta\n\nlast line here\n" @"="  alpha beta gamma\n" @a="  alpha beta gamma\n"
"a2yy         | "[cmd="] a[reg=a] 2[n=2,reg=a] y[n=2,op=Yank,reg=a] y[-] => Normal (1,8) @"="  alpha beta gamma\nxdelta\n" @a="  alpha beta gamma\nxdelta\n"
2"ayy         | 2[n=2] "[n=2,cmd="] a[n=2,reg=a] y[n=2,op=Yank,reg=a] y[-] => Normal (1,8) @"="  alpha beta gamma\nxdelta\n" @a="  alpha beta gamma\nxdelta\n"
"<Esc>x       | "[cmd="] <Esc>[-] x[-] => Normal (1,8) text="foo bar(baz, qux) \"str\" end\n  alpha eta gamma\nxdelta\n\nlast line here\n" @"="b"
"_dd          | "[cmd="] _[reg=_] d[op=Delete,reg=_] d[-] => Normal (1,0) text="foo bar(baz, qux) \"str\" end\nxdelta\n\nlast line here\n"
"Ayw          | "[cmd="] A[reg=A] y[op=Yank,reg=A] w[-] => Normal (1,8) @"="beta " @a="beta "
d"ayw         | d[op=Delete] "[cmd="] a[reg=a] y[op=Yank,reg=a] w[-] => Normal (1,8) @"="beta " @a="beta "
m<Esc>x       | m[char=Mark/None] <Esc>[-] x[-] => Normal (1,8) text="foo bar(baz, qux) \"str\" end\n  alpha eta gamma\nxdelta\n\nlast line here\n" @"="b"
ma'a          | m[char=Mark/None] a[-] '[char=JumpMarkLine/None] a[-] => Normal (1,2)
fa;           | f[char=Find/None] a[-] ;[-] => Normal (1,14)
ra            | r[char=Replace/None] a[-] => Normal (1,8) text="foo bar(baz, qux) \"str\" end\n  alpha aeta gamma\nxdelta\n\nlast line here\n"
r<Esc>        | r[char=Replace/None] <Esc>[-] => Normal (1,8)
<Space><Esc>x | <Space>[leader=[]] <Esc>[-] x[-] => Normal (1,8) text="foo bar(baz, qux) \"str\" end\n  alpha eta gamma\nxdelta\n\nlast line here\n" @"="b"
d<Space>      | d[op=Delete] <Space>[leader=[]] => Normal (1,8)
c<Esc>x       | c[op=Change] <Esc>[-] x[-] => Normal (1,8) text="foo bar(baz, qux) \"str\" end\n  alpha eta gamma\nxdelta\n\nlast line here\n" @"="b"
diw.          | d[op=Delete] i[op=Delete,cmd=i] w[-] .[-] => Normal (1,7) text="foo bar(baz, qux) \"str\" end\n  alphagamma\nxdelta\n\nlast line here\n" @"="  "
dw.u          | d[op=Delete] w[-] .[-] u[-] => Normal (1,8) text="foo bar(baz, qux) \"str\" end\n  alpha gamma\nxdelta\n\nlast line here\n" @"="gamma"
ciwX<Esc>.    | c[op=Change] i[op=Change,cmd=i] w[-] X[-] <Esc>[-] .[-] => Normal (1,8) text="foo bar(baz, qux) \"str\" end\n  alpha X gamma\nxdelta\n\nlast line here\n" @"="X"
cwY<Esc>j.    | c[op=Change] w[-] Y[-] <Esc>[-] j[-] .[-] => Normal (2,5) text="foo bar(baz, qux) \"str\" end\n  alpha Y gamma\nxdeltY\n\nlast line here\n" @"="a"
3dd           | 3[n=3] d[n=3,op=Delete] d[-] => Normal (1,0) text="foo bar(baz, qux) \"str\" end\nlast line here\n" @"="  alpha beta gamma\nxdelta\n\n"
d3d           | d[op=Delete] 3[n=3,op=Delete] d[-] => Normal (1,0) text="foo bar(baz, qux) \"str\" end\nlast line here\n" @"="  alpha beta gamma\nxdelta\n\n"
2d2w          | 2[n=2] d[n=2,op=Delete] 2[n=4,op=Delete] w[-] => Normal (1,7) text="foo bar(baz, qux) \"str\" end\n  alpha \nlast line here\n" @"="beta gamma\nxdelta\n"
dfa.          | d[op=Delete] f[op=Delete,char=Find/Some(Delete)] a[-] .[-] => Normal (1,8) text="foo bar(baz, qux) \"str\" end\n  alpha mma\nxdelta\n\nlast line here\n" @"=" ga"
dta;          | d[op=Delete] t[op=Delete,char=Till/Some(Delete)] a[-] ;[-] => Normal (1,10) text="foo bar(baz, qux) \"str\" end\n  alpha a gamma\nxdelta\n\nlast line here\n" @"="bet"
yiwP          | y[op=Yank] i[op=Yank,cmd=i] w[-] P[-] => Normal (1,11) text="foo bar(baz, qux) \"str\" end\n  alpha betabeta gamma\nxdelta\n\nlast line here\n" @"="beta"
2yyP          | 2[n=2] y[n=2,op=Yank] y[-] P[-] => Normal (1,2) text="foo bar(baz, qux) \"str\" end\n  alpha beta gamma\nxdelta\n  alpha beta gamma\nxdelta\n\nlast line here\n" @"="  alpha beta gamma\nxdelta\n"
v<Esc>        | v[-] <Esc>[-] => Normal (1,8)
gv            | g[cmd=g] v[-] => Normal (1,8)
ZZ            | Z[cmd=Z] Z[-] => Normal (1,8)
